






Asecodes  F”rster, 1856
Asecodes atripes (Girault), 1915
Asecodes auriceps Ashmead, 1894
Asecodes caterinae Viggiani, 1978
Asecodes congruens (Nees), 1834
Asecodes delucchii (Boucek), 1971
Asecodes erxias (Walker), 1848
Asecodes galerucae Askew, 1978
Asecodes hispinarum Boucek, 1988
Asecodes hyperion Graham, 1963
Asecodes lagus (Walker), 1838
Asecodes lucens (Nees), 1834
Asecodes notandus (Silvestri), 1914
Asecodes orilatum Hansson, 1996
Asecodes politum (Hansson), 1994
Asecodes reticulatum (Kamijo), 1986
Asecodes sapporense Kamijo, 1986
Asecodes sinense (Ling), 2000
Asecodes suzukii Kamijo, 1986
Asecodes turcicum (Nees), 1834
Asecodes violaceum (FerriŠre), 1936
Chrysonotomyia  Ashmead, 1904
Chrysonotomyia abdita Hansson, 2004
Chrysonotomyia acutangula Hansson, 2004
Chrysonotomyia aemilia (Girault), 1917
Chrysonotomyia aenea (Girault), 1913
Chrysonotomyia aeneicoxa (Dodd), 1917
Chrysonotomyia aenella (Girault), 1915
Chrysonotomyia alajuelae Hansson, 2004
Chrysonotomyia albicornis Hansson, 2004
Chrysonotomyia albicoxa Hansson, 2004
Chrysonotomyia albifascia Hansson, 2004
Chrysonotomyia albifemur (Girault), 1915
Chrysonotomyia albipes (Girault & Dodd), 1913
Chrysonotomyia albogilva Hansson, 2004
Chrysonotomyia alpigena Hansson, 2004
Chrysonotomyia altamirae Hansson, 2004
Chrysonotomyia ambonata Hansson, 2004
Chrysonotomyia appannai (Chandy Kurian), 1953
Chrysonotomyia arenalicola Hansson, 2004
Chrysonotomyia aurea (Girault), 1913
Chrysonotomyia auricorpus (Girault & Dodd), 1915
Chrysonotomyia auripunctata (Ashmead), 1894
Chrysonotomyia babayanzi Myartseva & Kurashev, 1991
Chrysonotomyia barbata Hansson, 2004
Chrysonotomyia bifasciata (Girault), 1913
Chrysonotomyia bimaculata Hansson, 2004
Chrysonotomyia bivittata Hansson, 2004
Chrysonotomyia brevicornis (Girault), 1913









Chrysonotomyia burrufascia Hansson, 2004
Chrysonotomyia cardinalis Hansson, 2004
Chrysonotomyia caribensis Hansson, 2004
Chrysonotomyia casacocae Hansson, 2004
Chrysonotomyia cecropiae Hansson, 2004
Chrysonotomyia ciliata (Ashmead), 1894
Chrysonotomyia citrinigaster Hansson, 2004
Chrysonotomyia clariscutellum (Girault), 1913
Chrysonotomyia claviger Paniagua & Hansson, 2009
Chrysonotomyia cnecosoma Hansson, 2004
Chrysonotomyia conostegiae Hansson, 2004
Chrysonotomyia consobrina (Girault), 1913
Chrysonotomyia corallina Hansson, 2004
Chrysonotomyia cornigera Hansson, 2004
Chrysonotomyia corynata Hansson, 2004
Chrysonotomyia costaricana ™zdikmen, 2011
Chrysonotomyia crassipes Hansson, 2004
Chrysonotomyia crinipennis Hansson, 2004
Chrysonotomyia crotapha Hansson, 2004
Chrysonotomyia deltaceps Hansson, 2004
Chrysonotomyia dictyota Hansson, 2004
Chrysonotomyia dinomerinx Hansson, 2004
Chrysonotomyia disticha Hansson, 2004
Chrysonotomyia dolichogaster Hansson, 2004
Chrysonotomyia dolichura Hansson, 2004
Chrysonotomyia dominicana Gumovsky, 2001
Chrysonotomyia douglassi (Girault), 1913
Chrysonotomyia dubia (Girault), 1913
Chrysonotomyia dumasi (Girault), 1915
Chrysonotomyia dussiae Paniagua & Hansson, 2009
Chrysonotomyia elongata (Sureshan & Narendran), 2001
Chrysonotomyia epacra Hansson, 2004
Chrysonotomyia erugata Hansson, 2004
Chrysonotomyia etiellae (Risbec), 1955
Chrysonotomyia fasciata Hansson, 2004
Chrysonotomyia fasciatipennis (Girault), 1913
Chrysonotomyia foersteri (Girault), 1913
Chrysonotomyia froudei (Girault), 1922
Chrysonotomyia galbina Hansson, 2004
Chrysonotomyia germanica (Erd”s), 1956
Chrysonotomyia glabriscutellum (Girault), 1915
Chrysonotomyia godoyae Hansson, 2004
Chrysonotomyia grandis (Girault), 1913
Chrysonotomyia grossa Hansson, 2004
Chrysonotomyia helvola Hansson, 2004
Chrysonotomyia hyalinipennis (Khan & Shafee), 1980
Chrysonotomyia indigitus Hansson, 2004
Chrysonotomyia ingagena Hansson, 2004
Chrysonotomyia jimenezi Hansson, 2004
Chrysonotomyia karakalensis Myartseva & Kurashev, 1991









Chrysonotomyia laevis Hansson, 2004
Chrysonotomyia laeviscuta Hansson, 2004
Chrysonotomyia lapierrei Hansson, 2004
Chrysonotomyia latistipes Hansson, 2004
Chrysonotomyia lavirgenensis Hansson, 2004
Chrysonotomyia leibnitzi (Girault), 1913
Chrysonotomyia leucocera Hansson, 2004
Chrysonotomyia leucopus (Ashmead), 1894
Chrysonotomyia leucotela Hansson, 2004
Chrysonotomyia limbata Hansson, 2004
Chrysonotomyia lioceps Hansson, 2004
Chrysonotomyia liosoma Hansson, 2004
Chrysonotomyia livida (Ashmead), 1894
Chrysonotomyia locustivora (Rohwer), 1921
Chrysonotomyia longa (Girault), 1915
Chrysonotomyia longicaudata Paniagua & Hansson, 2009
Chrysonotomyia longiclava Shafee & Rizvi, 1988
Chrysonotomyia longiscuta Hansson, 2004
Chrysonotomyia longissima Hansson, 2004
Chrysonotomyia machaeriae Paniagua & Hansson, 2009
Chrysonotomyia mackayensis (Girault), 1915
Chrysonotomyia macrura Hansson, 2004
Chrysonotomyia maculata (Delucchi), 1962
Chrysonotomyia maculatipennis (Girault), 1913
Chrysonotomyia magnifica (Girault), 1913
Chrysonotomyia malabarica (Narendran & Surekha), 1992
Chrysonotomyia maurogaster Hansson, 2004
Chrysonotomyia mayri (Girault), 1915
Chrysonotomyia megalops Hansson, 2004
Chrysonotomyia melasoma Hansson, 2004
Chrysonotomyia metallica (Ashmead), 1894
Chrysonotomyia micraulax Hansson, 2004
Chrysonotomyia mira (Girault), 1934
Chrysonotomyia montigena Hansson, 2004
Chrysonotomyia multitincta Hansson, 2004
Chrysonotomyia nectandrigena Hansson, 2004
Chrysonotomyia neeigena Hansson, 2004
Chrysonotomyia nigripes (Girault), 1913
Chrysonotomyia niveicornis Hansson, 2004
Chrysonotomyia niveicrus Hansson, 2004
Chrysonotomyia niveipes (Girault), 1915
Chrysonotomyia novimaculatipennis (Girault), 1915
Chrysonotomyia obesula Boucek, 1986
Chrysonotomyia occidentalis (Girault), 1915
Chrysonotomyia olympus (Girault), 1913
Chrysonotomyia osae Hansson, 2004
Chrysonotomyia pallidiventris Hansson, 2004
Chrysonotomyia pansata Hansson, 2004
Chrysonotomyia parva Hansson, 2004
Chrysonotomyia perlonga Hansson, 2004









Chrysonotomyia phenacapsia (Yoshimoto), 1972
Chrysonotomyia pherocera Hansson, 2004
Chrysonotomyia picta (Boucek), 1988
Chrysonotomyia pilata Hansson, 2004
Chrysonotomyia piperigena Hansson, 2004
Chrysonotomyia planipes Hansson, 2004
Chrysonotomyia planiseta Hansson, 2004
Chrysonotomyia postmarginaloides (Saraswat), 1975
Chrysonotomyia propodealis Hansson, 2004
Chrysonotomyia pubipennis (Khan & Shafee), 1980
Chrysonotomyia pulchra (Girault), 1913
Chrysonotomyia pulchrella (Girault), 1915
Chrysonotomyia quinquedentata (Girault), 1915
Chrysonotomyia reticulata Sheng & Zhan, 2000
Chrysonotomyia rexia Narendran, 2001
Chrysonotomyia rubii Hansson, 2004
Chrysonotomyia santarosae Hansson, 2004
Chrysonotomyia sarmatica (Erd”s), 1966
Chrysonotomyia serjaniae Hansson, 2004
Chrysonotomyia setiscuta Hansson, 2004
Chrysonotomyia speciosa (Girault), 1913
Chrysonotomyia strigifer Hansson, 2004
Chrysonotomyia striolata Hansson, 2004
Chrysonotomyia sudoensis Paik, 1992
Chrysonotomyia tekensis (Myartseva & Kurashev), 1991
Chrysonotomyia temporata Hansson, 2004
Chrysonotomyia thapsina Hansson, 2004
Chrysonotomyia thysanota Hansson, 2004
Chrysonotomyia tobiasi Myartseva & Kurashev, 1991
Chrysonotomyia trifasciata (Girault), 1913
Chrysonotomyia tristicha Hansson, 2004
Chrysonotomyia trjapitzini Myartseva & Kurashev, 1991
Chrysonotomyia turkmenica Myartseva & Kurashev, 1991
Chrysonotomyia unifasciata Hansson, 2004
Chrysonotomyia unimaculata Paniagua & Hansson, 2009
Chrysonotomyia upalacola Hansson, 2004
Chrysonotomyia variclava (Girault), 1915
Chrysonotomyia varicolor (Girault), 1913
Chrysonotomyia variegata Hansson, 2004
Chrysonotomyia varitincta Hansson, 2004
Chrysonotomyia voltairei (Girault), 1915
Chrysonotomyia xuthotela Hansson, 2004
Chrysonotomyia younusi Hayat & Perveen, 2005
Chrysonotomyia zaommomomorpha (Girault), 1915
Closterocerus  Westwood, 1833
Closterocerus abelardi Girault, 1922
Closterocerus africanus Waterston, 1925
Closterocerus agromyzae Narayanan, Subba Rao & Ra, 1960
Closterocerus albitibiae (Girault), 1917
Closterocerus ashmeadi (Girault), 1915









Closterocerus bambeyi (Risbec), 1951
Closterocerus brachyphagus Hansson, 1994
Closterocerus brownii Ashmead, 1904
Closterocerus cardigaster (Masi), 1917
Closterocerus carolinae Hansson, 1994
Closterocerus chamaeleon (Girault), 1922
Closterocerus cincinnatus Girault, 1916
Closterocerus cinctipennis Ashmead, 1888
Closterocerus cinctiventris (Ashmead), 1904
Closterocerus coffeellae Ihering, 1914
Closterocerus cruy (Girault), 1918
Closterocerus curtisi Girault, 1915
Closterocerus cyaneus Hansson, 1994
Closterocerus damastes Walker, 1847
Closterocerus eupulcher ™zdikmen, 2011
Closterocerus eutrifasciatus Liao, 1987
Closterocerus flavicinctus De Santis, 1983
Closterocerus hungaricus (Erd”s), 1966
Closterocerus insignis Waterston, 1915
Closterocerus javanus Perkins, 1912
Closterocerus kinquelibae (Risbec), 1951
Closterocerus lanassa (Walker), 1839
Closterocerus leptocerus (Waterston), 1925
Closterocerus liriomyzae (Risbec), 1951
Closterocerus litchii (Yang & Luo), 1994
Closterocerus longiscapus (Boucek), 1986
Closterocerus longus Hansson, 1994
Closterocerus lyonetiae (FerriŠre), 1952
Closterocerus mirabilis Edwards & La Salle, 2004
Closterocerus mirus Girault, 1913
Closterocerus nigrescens (Ikeda & Kamijo), 1993
Closterocerus nitidus Hansson, 1994
Closterocerus nius Hansson, 1994
Closterocerus orientalis (FerriŠre), 1933
Closterocerus orientalis Yefremova & Kriskovich, 1996
Closterocerus oryzamyntor Gumovsky & Zhu, 2006
Closterocerus pannonicus (Erd”s), 1956
Closterocerus partifuscipennis (Girault), 1916
Closterocerus perineti (Risbec), 1952
Closterocerus phytomyzae Mani, 1971
Closterocerus promecothecae (FerriŠre), 1931
Closterocerus pulcher (Howard), 1897
Closterocerus pulcherrimus (Kerrich), 1970
Closterocerus purpureus (Howard), 1897
Closterocerus purpurissatus (Kerrich), 1970
Closterocerus ritchiei (FerriŠre), 1936
Closterocerus rostandi Girault, 1915
Closterocerus rotundiventris (Szel‚nyi), 1980
Closterocerus ruforum (Krausse), 1917
Closterocerus saintpierrei Girault, 1913









Closterocerus scapiatus Singh & Khan, 1996
Closterocerus smaragdulus (Graham), 1963
Closterocerus solidaginis (Yoshimoto), 1980
Closterocerus spiniformis (Moser), 1965
Closterocerus splendens Kowalski, 1917
Closterocerus sumae Girault, 1934
Closterocerus tau Girault, 1917
Closterocerus texanus Hansson, 1994
Closterocerus theaephilus (Risbec), 1952
Closterocerus tineivorus (Risbec), 1951
Closterocerus transsylvanicus (Erd”s), 1951
Closterocerus trifasciatus Westwood, 1833
Closterocerus utahensis Crawford, 1912
Closterocerus vesiculis (Moser), 1965
Closterocerus violaceus Hansson, 1994
Closterocerus westwoodi Girault, 1915
Closterocerus yamagishii (Kamijo), 1979
Closterocerus zangwilli Girault, 1913
Neochrysocharis  Kurdjumov, 1912
Neochrysocharis achrysocharoides (Girault), 1916
Neochrysocharis acuminatus Hansson, 1990
Neochrysocharis agromyzae (Crawford), 1913
Neochrysocharis albicoxa Hansson, 1995
Neochrysocharis albiscapus Erd”s, 1954
Neochrysocharis ambitiosus Hansson, 1990
Neochrysocharis aratus (Walker), 1838
Neochrysocharis arizonensis (Crawford), 1913
Neochrysocharis arvensis Graham, 1963
Neochrysocharis aversiflexus Hansson, 1997
Neochrysocharis beasleyi Fisher & La Salle, 2005
Neochrysocharis chalybeus Hansson, 1995
Neochrysocharis chlorogaster (Erd”s), 1966
Neochrysocharis clarus Szel‚nyi, 1977
Neochrysocharis clavatus (Hansson), 1995
Neochrysocharis clinias (Walker), 1838
Neochrysocharis convexus Hansson, 1997
Neochrysocharis cuprifrons Erd”s, 1954
Neochrysocharis cyaneoviridis Hansson, 1995
Neochrysocharis diastatae (Howard), 1881
Neochrysocharis dimas (Walker), 1839
Neochrysocharis donna (Girault), 1917
Neochrysocharis elongatus Hansson, 1995
Neochrysocharis epimeralis Hansson, 1995
Neochrysocharis formosus (Westwood), 1833
Neochrysocharis hartigi (Szel‚nyi), 1977
Neochrysocharis hirsutus Hansson, 1995
Neochrysocharis horticola Khan, Agnihotri & Sushil, 2005
Neochrysocharis hyphantriae (Yoshimoto), 1978
Neochrysocharis indicus Khan, Agnihotri & Sushil, 2005
Neochrysocharis iris Erd”s, 1954









Neochrysocharis jazyga Erd”s, 1969
Neochrysocharis liriomyzae Khan, Agnihotri & Sushil, 2005
Neochrysocharis longiventris (Askew), 1979
Neochrysocharis marginalis Hansson, 1995
Neochrysocharis moczari Szel‚nyi, 1973
Neochrysocharis nunbergi (Szczepanski), 1960
Neochrysocharis okazakii Kamijo, 1978
Neochrysocharis pictipes (Crawford), 1912
Neochrysocharis pilosus Hansson, 1995
Neochrysocharis sericeus (Erd”s), 1954
Neochrysocharis texensis Hansson, 1995
Neochrysocharis trifolii Erd”s, 1961
Neochrysocharis tumidiscapus Hansson, 1997
Neochrysocharis villosicornis Szel‚nyi, 1977
Neochrysocharis violaceus Askew, 1999
Neochrysocharis washingtoni (Girault), 1913





































