



16-Sep-94                        Standard Report                        Page   1



Abbreviation  Parasitoid type
------------  ----------------------------
A             Adult
CP            Cleptoparasitoid
E             Egg
EC            Ectoparasitoid
EH            Egg hyperparasitoid
EL            Egg-larval
EN            Endoparasitoid
EP            Egg-pupal
ER            Egg predator
FH            Facultative hyperparasitoid
GL            gall associate
GR            gregarious
GS            gregarious/solitary
H             Hyperparasitoid
HM            Hyperparasitic males
I             Idiobiont
K             Koinobiont
L             Larval or nymphal
LP            Larva-pupal
LR            Larva predator
N             Nymphal
NA            Nymphal-adult
OH            Obligate hyperparasitoid
PH            Pseudohyperparasitoid
PL            Polyembryonic
P             Pupal
PG            Phytophagous (gall former)
PI            Phytophagous (inquiline)
PO            Pollinator
PP            Prepupal
PR            Primary
PS            Phytophagous (seeds)
SG            Phytophagous (seed-galler)
SO            Solitary















